=== generate Thu Sep 17 13:14:03 EDT 2026
0/3200 images, 11 boxes
500/3200 images, 5499 boxes
1000/3200 images, 10722 boxes
1500/3200 images, 15850 boxes
2000/3200 images, 21076 boxes
2500/3200 images, 26303 boxes
3000/3200 images, 31546 boxes
done: 3200 images, 33618 boxes -> data/synth4/data.yaml
synth: 1500/6000 train images
synth2: 800/3000 train images
synth3: 1200/3000 train images
synth4: 2500/3000 train images
6000 train images -> data/combo3.yaml
=== train Thu Sep 17 13:15:19 EDT 2026
Ultralytics 8.4.155 🚀 Python-3.10.17 torch-2.14.0 MPS (Apple M3)
[34m[1mengine/trainer: [0magnostic_nms=False, amp=False, angle=1.0, augment=False, auto_augment=randaugment, batch=8, bgr=0.0, box=7.5, cache=False, cfg=None, channels_last=None, classes=None, close_mosaic=5, cls=0.5, cls_pw=0.0, cls_remap=True, compile=False, conf=None, copy_paste=0.0, copy_paste_mode=flip, cos_lr=True, cutmix=0.0, data=data/combo3.yaml, degrees=8.0, deterministic=True, device=mps, dfl=1.5, dgrad=0.5, dis=6.0, distill_model=None, dlam=1.0, dlog=1.0, dnn=False, dropout=0.0, dynamic=False, embed=None, epochs=8, erasing=0.4, exist_ok=True, fliplr=0.0, flipud=0.0, format=torchscript, fraction=1.0, freeze=None, hsv_h=0.02, hsv_s=0.5, hsv_v=0.4, imgsz=512, iou=0.7, keras=False, kobj=1.0, line_width=None, lr0=0.01, lrf=0.01, mask_ratio=4, max_det=300, mixup=0.0, mode=train, model=runs/tiles2/weights/best.pt, momentum=0.937, mosaic=1.0, multi_scale=0.0, name=tiles3, nbs=64, nms=None, opset=None, optimize=False, optimizer=auto, overlap_mask=True, patience=100, perspective=0.0003, plots=False, pose=12.0, pretrained=True, profile=False, project=/Users/mikemazzetti/mahjong-ar/ml/runs, quantize=None, rect=False, resume=False, retina_masks=False, rle=1.0, save=True, save_conf=False, save_crop=False, save_dir=/Users/mikemazzetti/mahjong-ar/ml/runs/tiles3, save_frames=False, save_json=False, save_period=-1, save_txt=False, scale=0.4, seed=0, shear=0.0, show=False, show_boxes=True, show_conf=True, show_labels=True, simplify=True, single_cls=False, source=None, split=val, stream_buffer=False, task=detect, time=None, tracker=tracktrack.yaml, translate=0.1, val=True, verbose=True, vid_stride=1, visualize=False, warmup_bias_lr=0.1, warmup_epochs=3.0, warmup_momentum=0.8, weight_decay=0.0005, workers=2, workspace=None

                   from  n    params  module                                       arguments                     
  0                  -1  1       464  ultralytics.nn.modules.conv.Conv             [3, 16, 3, 2]                 
  1                  -1  1      4672  ultralytics.nn.modules.conv.Conv             [16, 32, 3, 2]                
  2                  -1  1      6640  ultralytics.nn.modules.block.C3k2            [32, 64, 1, False, 0.25]      
  3                  -1  1     36992  ultralytics.nn.modules.conv.Conv             [64, 64, 3, 2]                
  4                  -1  1     26080  ultralytics.nn.modules.block.C3k2            [64, 128, 1, False, 0.25]     
  5                  -1  1    147712  ultralytics.nn.modules.conv.Conv             [128, 128, 3, 2]              
  6                  -1  1     87040  ultralytics.nn.modules.block.C3k2            [128, 128, 1, True]           
  7                  -1  1    295424  ultralytics.nn.modules.conv.Conv             [128, 256, 3, 2]              
  8                  -1  1    346112  ultralytics.nn.modules.block.C3k2            [256, 256, 1, True]           
  9                  -1  1    164608  ultralytics.nn.modules.block.SPPF            [256, 256, 5]                 
 10                  -1  1    249728  ultralytics.nn.modules.block.C2PSA           [256, 256, 1]                 
 11                  -1  1         0  torch.nn.modules.upsampling.Upsample         [None, 2, 'nearest']          
 12             [-1, 6]  1         0  ultralytics.nn.modules.conv.Concat           [1]                           
 13                  -1  1    111296  ultralytics.nn.modules.block.C3k2            [384, 128, 1, False]          
 14                  -1  1         0  torch.nn.modules.upsampling.Upsample         [None, 2, 'nearest']          
 15             [-1, 4]  1         0  ultralytics.nn.modules.conv.Concat           [1]                           
 16                  -1  1     32096  ultralytics.nn.modules.block.C3k2            [256, 64, 1, False]           
 17                  -1  1     36992  ultralytics.nn.modules.conv.Conv             [64, 64, 3, 2]                
 18            [-1, 13]  1         0  ultralytics.nn.modules.conv.Concat           [1]                           
 19                  -1  1     86720  ultralytics.nn.modules.block.C3k2            [192, 128, 1, False]          
 20                  -1  1    147712  ultralytics.nn.modules.conv.Conv             [128, 128, 3, 2]              
 21            [-1, 10]  1         0  ultralytics.nn.modules.conv.Concat           [1]                           
 22                  -1  1    378880  ultralytics.nn.modules.block.C3k2            [384, 256, 1, True]           
 23        [16, 19, 22]  1    438862  ultralytics.nn.modules.head.Detect           [42, 16, None, [64, 128, 256]]
YOLO11n summary: 181 layers, 2,598,030 parameters, 2,598,014 gradients, 6.5 GFLOPs

Transferred 499/499 items from pretrained weights
Freezing layer 'model.23.dfl.conv.weight'
Traceback (most recent call last):
  File "/Users/mikemazzetti/mahjong-ar/ml/.venv/lib/python3.10/site-packages/ultralytics/data/base.py", line 194, in get_img_files
    raise FileNotFoundError(f"{self.prefix}{p} does not exist")
FileNotFoundError: [34m[1mtrain: [0m/Users/mikemazzetti/mahjong-ar/ml/data/data/combo3.train.txt does not exist

The above exception was the direct cause of the following exception:

Traceback (most recent call last):
  File "/Users/mikemazzetti/mahjong-ar/ml/train.py", line 23, in <module>
    model.train(
  File "/Users/mikemazzetti/mahjong-ar/ml/.venv/lib/python3.10/site-packages/ultralytics/engine/model.py", line 882, in train
    self.trainer.train()
  File "/Users/mikemazzetti/mahjong-ar/ml/.venv/lib/python3.10/site-packages/ultralytics/engine/trainer.py", line 253, in train
    self._do_train()
  File "/Users/mikemazzetti/mahjong-ar/ml/.venv/lib/python3.10/site-packages/ultralytics/engine/trainer.py", line 455, in _do_train
    self._setup_train()
  File "/Users/mikemazzetti/mahjong-ar/ml/.venv/lib/python3.10/site-packages/ultralytics/engine/trainer.py", line 436, in _setup_train
    self._build_train_pipeline()
  File "/Users/mikemazzetti/mahjong-ar/ml/.venv/lib/python3.10/site-packages/ultralytics/models/yolo/detect/train.py", line 212, in _build_train_pipeline
    super()._build_train_pipeline()
  File "/Users/mikemazzetti/mahjong-ar/ml/.venv/lib/python3.10/site-packages/ultralytics/engine/trainer.py", line 295, in _build_train_pipeline
    self.train_loader = self.get_dataloader(
  File "/Users/mikemazzetti/mahjong-ar/ml/.venv/lib/python3.10/site-packages/ultralytics/models/yolo/detect/train.py", line 92, in get_dataloader
    dataset = self.build_dataset(dataset_path, mode, batch_size)
  File "/Users/mikemazzetti/mahjong-ar/ml/.venv/lib/python3.10/site-packages/ultralytics/models/yolo/detect/train.py", line 76, in build_dataset
    return build_yolo_dataset(self.args, img_path, batch, self.data, mode=mode, rect=mode == "val", stride=gs)
  File "/Users/mikemazzetti/mahjong-ar/ml/.venv/lib/python3.10/site-packages/ultralytics/data/build.py", line 268, in build_yolo_dataset
    return dataset(
  File "/Users/mikemazzetti/mahjong-ar/ml/.venv/lib/python3.10/site-packages/ultralytics/data/dataset.py", line 107, in __init__
    super().__init__(*args, channels=self.data.get("channels", 3), **kwargs)
  File "/Users/mikemazzetti/mahjong-ar/ml/.venv/lib/python3.10/site-packages/ultralytics/data/base.py", line 135, in __init__
    self.im_files = self.get_img_files(self.img_path)
  File "/Users/mikemazzetti/mahjong-ar/ml/.venv/lib/python3.10/site-packages/ultralytics/data/base.py", line 199, in get_img_files
    raise FileNotFoundError(f"{self.prefix}Error loading data from {img_path}\n{HELP_URL}") from e
FileNotFoundError: [34m[1mtrain: [0mError loading data from /Users/mikemazzetti/mahjong-ar/ml/data/data/combo3.train.txt
See https://docs.ultralytics.com/datasets for dataset formatting guidance.
